📄 从文件生成报告: docs/project_control/reports/phase-P1.phase2.md
✅ 报告创建完成
{
  "object": "page",
  "id": "30c7bab0-ee1d-8165-92d9-c05aba979d79",
  "created_time": "2026-02-19T06:03:00.000Z",
  "last_edited_time": "2026-02-19T06:03:00.000Z",
  "created_by": {
    "object": "user",
    "id": "b56694b0-b552-4f2f-bc6e-914ae326690a"
  },
  "last_edited_by": {
    "object": "user",
    "id": "b56694b0-b552-4f2f-bc6e-914ae326690a"
  },
  "cover": null,
  "icon": null,
  "parent": {
    "type": "data_source_id",
    "data_source_id": "3047bab0-ee1d-80ac-8929-000b8127392b",
    "database_id": "3047bab0-ee1d-809c-8357-c447fc63c778"
  },
  "archived": false,
  "in_trash": false,
  "is_locked": false,
  "properties": {
    "Risks & Follow-ups": {
      "id": "BKLC",
      "type": "rich_text",
      "rich_text": []
    },
    "Links": {
      "id": "DT%5C%5E",
      "type": "url",
      "url": null
    },
    "Test Results": {
      "id": "FcWo",
      "type": "rich_text",
      "rich_text": []
    },
    "Commands Run": {
      "id": "Gams",
      "type": "rich_text",
      "rich_text": []
    },
    "Scope": {
      "id": "HtaQ",
      "type": "rich_text",
      "rich_text": []
    },
    "Diff Summary": {
      "id": "MYR%3D",
      "type": "rich_text",
      "rich_text": []
    },
    "Deliverables": {
      "id": "Q%3DRG",
      "type": "rich_text",
      "rich_text": []
    },
    "Milestone": {
      "id": "%60B%5Eh",
      "type": "relation",
      "relation": [
        {
          "id": "3067bab0-ee1d-8184-84a6-d3e06f82506a"
        }
      ],
      "has_more": false
    },
    "Status": {
      "id": "l%7B%7DJ",
      "type": "select",
      "select": {
        "id": "1220fb07-56ae-4095-adbf-5f62ca68f019",
        "name": "Draft",
        "color": "purple"
      }
    },
    "Name": {
      "id": "title",
      "type": "title",
      "title": [
        {
          "type": "text",
          "text": {
            "content": "phase-P1.phase2.md",
            "link": null
          },
          "annotations": {
            "bold": false,
            "italic": false,
            "strikethrough": false,
            "underline": false,
            "code": false,
            "color": "default"
          },
          "plain_text": "phase-P1.phase2.md",
          "href": null
        }
      ]
    }
  },
  "url": "https://www.notion.so/phase-P1-phase2-md-30c7bab0ee1d816592d9c05aba979d79",
  "public_url": null,
  "request_id": "f6902051-dc2c-48d8-b92b-4a7d671abb43"
}
